// Jest Snapshot v1, https://goo.gl/fbAQLP

exports[`testing header componets 1`] = `
<div>
  <h3>
    DashBoard Page
  </h3>
  <hr />
  <hr />
  <Connect(expenseList) />
</div>
`;
